// Jest Snapshot v1, https://goo.gl/fbAQLP

exports[`Title edit field matches the snapshot 1`] = `
<gl-form-group-stub
  label="Title"
  label-for="title-field-edit"
  labeldescription=""
>
  <gl-form-input-stub />
</gl-form-group-stub>
`;
